// Jest Snapshot v1, https://goo.gl/fbAQLP

exports[`renders correctly 1`] = `
<ion-row>
  <ion-col>
    <ion-row>
      <ion-label>
        Dernière période
      </ion-label>
    </ion-row>
    <ion-row>
      <ion-label>
        31/10/2019
      </ion-label>
    </ion-row>
  </ion-col>
  <ion-col>
    <ion-label>
      7
       heure(s)
    </ion-label>
  </ion-col>
</ion-row>
`;
