// Jest Snapshot v1, https://goo.gl/fbAQLP

exports[`renders correctly 1`] = `
<ion-toolbar>
  <ion-title>
    <h1>
      Sommeil
    </h1>
  </ion-title>
  <ion-icon />
  <ion-buttons>
    <ion-back-button
      onClick={[Function]}
    />
  </ion-buttons>
</ion-toolbar>
`;
